Cycle:        0	|| addiu $t0, $zero, 0x5   | nop                     | nop                     | nop                     | nop                     |
Cycle:        1	|| addiu $t0, $zero, 0x5   | nop                     | nop                     | nop                     | nop                     |
Cycle:        2	|| addiu $t0, $zero, 0x5   | nop                     | nop                     | nop                     | nop                     |
Cycle:        3	|| addiu $t0, $zero, 0x5   | nop                     | nop                     | nop                     | nop                     |
Cycle:        4	|| addiu $t0, $zero, 0x5   | nop                     | nop                     | nop                     | nop                     |
Cycle:        5	|| addiu $t0, $zero, 0x5   | nop                     | nop                     | nop                     | nop                     |
Cycle:        6	|| addi $t1, $t0, 0xa      | addiu $t0, $zero, 0x5   | nop                     | nop                     | nop                     |
Cycle:        7	|| beq $t1, $t0, 0x2       | addi $t1, $t0, 0xa      | addiu $t0, $zero, 0x5   | nop                     | nop                     |
Cycle:        8	|| nop                     | beq $t1, $t0, 0x2       | addi $t1, $t0, 0xa      | addiu $t0, $zero, 0x5   | nop                     |
Cycle:        9	|| nop                     | beq $t1, $t0, 0x2       | nop                     | addi $t1, $t0, 0xa      | addiu $t0, $zero, 0x5   |
Cycle:       10	|| add $t2, $t1, $t0       | nop                     | beq $t1, $t0, 0x2       | nop                     | addi $t1, $t0, 0xa      |
Cycle:       11	|| add $t2, $t1, $t0       | nop                     | nop                     | beq $t1, $t0, 0x2       | nop                     |
Cycle:       12	|| add $t2, $t1, $t0       | nop                     | nop                     | nop                     | beq $t1, $t0, 0x2       |
Cycle:       13	|| add $t2, $t1, $t0       | nop                     | nop                     | nop                     | nop                     |
Cycle:       14	|| add $t2, $t1, $t0       | nop                     | nop                     | nop                     | nop                     |
Cycle:       15	|| add $t2, $t1, $t0       | nop                     | nop                     | nop                     | nop                     |
Cycle:       16	|| sub $t3, $t0, $t2       | add $t2, $t1, $t0       | nop                     | nop                     | nop                     |
Cycle:       17	|| HALT                    | sub $t3, $t0, $t2       | add $t2, $t1, $t0       | nop                     | nop                     |
Cycle:       18	|| nop                     | HALT                    | sub $t3, $t0, $t2       | add $t2, $t1, $t0       | nop                     |
Cycle:       19	|| nop                     | nop                     | HALT                    | sub $t3, $t0, $t2       | add $t2, $t1, $t0       |
Cycle:       20	|| nop                     | nop                     | nop                     | HALT                    | sub $t3, $t0, $t2       |
Cycle:       21	|| nop                     | nop                     | nop                     | nop                     | HALT                    |
