Cycle:        0	|| lw $t1, 0($t0)          | nop                     | nop                     | nop                     | nop                     |
Cycle:        1	|| lw $t1, 0($t0)          | nop                     | nop                     | nop                     | nop                     |
Cycle:        2	|| lw $t1, 0($t0)          | nop                     | nop                     | nop                     | nop                     |
Cycle:        3	|| lw $t1, 0($t0)          | nop                     | nop                     | nop                     | nop                     |
Cycle:        4	|| lw $t1, 0($t0)          | nop                     | nop                     | nop                     | nop                     |
Cycle:        5	|| lw $t1, 0($t0)          | nop                     | nop                     | nop                     | nop                     |
Cycle:        6	|| addi $t2, $t2, 0x1      | lw $t1, 0($t0)          | nop                     | nop                     | nop                     |
Cycle:        7	|| beq $t1, $t2, 0xfffd    | addi $t2, $t2, 0x1      | lw $t1, 0($t0)          | nop                     | nop                     |
Cycle:        8	|| nop                     | beq $t1, $t2, 0xfffd    | addi $t2, $t2, 0x1      | lw $t1, 0($t0)          | nop                     |
Cycle:        9	|| nop                     | beq $t1, $t2, 0xfffd    | addi $t2, $t2, 0x1      | lw $t1, 0($t0)          | nop                     |
Cycle:       10	|| nop                     | beq $t1, $t2, 0xfffd    | addi $t2, $t2, 0x1      | lw $t1, 0($t0)          | nop                     |
Cycle:       11	|| nop                     | beq $t1, $t2, 0xfffd    | addi $t2, $t2, 0x1      | lw $t1, 0($t0)          | nop                     |
Cycle:       12	|| nop                     | beq $t1, $t2, 0xfffd    | addi $t2, $t2, 0x1      | lw $t1, 0($t0)          | nop                     |
Cycle:       13	|| nop                     | beq $t1, $t2, 0xfffd    | addi $t2, $t2, 0x1      | lw $t1, 0($t0)          | nop                     |
Cycle:       14	|| nop                     | beq $t1, $t2, 0xfffd    | addi $t2, $t2, 0x1      | lw $t1, 0($t0)          | nop                     |
Cycle:       15	|| nop                     | beq $t1, $t2, 0xfffd    | addi $t2, $t2, 0x1      | lw $t1, 0($t0)          | nop                     |
Cycle:       16	|| nop                     | beq $t1, $t2, 0xfffd    | addi $t2, $t2, 0x1      | lw $t1, 0($t0)          | nop                     |
Cycle:       17	|| nop                     | beq $t1, $t2, 0xfffd    | nop                     | addi $t2, $t2, 0x1      | lw $t1, 0($t0)          |
Cycle:       18	|| HALT                    | nop                     | beq $t1, $t2, 0xfffd    | nop                     | addi $t2, $t2, 0x1      |
Cycle:       19	|| HALT                    | nop                     | nop                     | beq $t1, $t2, 0xfffd    | nop                     |
Cycle:       20	|| HALT                    | nop                     | nop                     | nop                     | beq $t1, $t2, 0xfffd    |
Cycle:       21	|| HALT                    | nop                     | nop                     | nop                     | nop                     |
Cycle:       22	|| HALT                    | nop                     | nop                     | nop                     | nop                     |
Cycle:       23	|| HALT                    | nop                     | nop                     | nop                     | nop                     |
Cycle:       24	|| nop                     | HALT                    | nop                     | nop                     | nop                     |
Cycle:       25	|| nop                     | nop                     | HALT                    | nop                     | nop                     |
Cycle:       26	|| nop                     | nop                     | nop                     | HALT                    | nop                     |
Cycle:       27	|| nop                     | nop                     | nop                     | nop                     | HALT                    |
